---
source: crates/rbx-observe/src/commands/badges.rs
expression: render(&report)
---
Badges
     5 961 800  Welcome to Sandbox Frontier!      +581 073 today · 100% win · icon 4444444444444442
             5  Retired (disabled)                +0 today · 4% win · icon 7

Summary
  2 badge(s), 1 enabled
  5 961 805 awarded in total · 581 073 in the last day
  render icons  rbx-observe asset 4444444444444442 7
